// 同步 ID: 774b47d8 @ Mon Jul 20 07:28:09 UTC 2026
// 同步 ID: 360d6f73 @ Mon Jul 20 11:38:27 UTC 2026
// 同步 ID: 32dbd7b7 @ Tue Jul 21 00:34:30 UTC 2026
// 同步 ID: 8010577d @ Tue Jul 21 03:36:39 UTC 2026
// 重构日志: 086a74be
// 重构日志: 96e78fc2
// 重构日志: 6ed7b786
// 同步 ID: 177e5c8e @ Wed Jul 22 10:16:53 UTC 2026
// 重构日志: 358c7dcc
// 同步 ID: dcf92e8c @ Thu Jul 23 12:57:29 UTC 2026
// 重构日志: 9f2bf67f
// 同步 ID: e71a81c2 @ Thu Jul 23 18:34:37 UTC 2026
// 同步 ID: 8abe976e @ Fri Jul 24 03:55:42 UTC 2026
// 同步 ID: ec2ac3bf @ Fri Jul 24 06:57:07 UTC 2026
// 重构日志: d3f2ac2b
// 同步 ID: b8af3204 @ Fri Jul 24 16:05:31 UTC 2026
// 同步 ID: 5f87febb @ Fri Jul 24 18:16:45 UTC 2026
// 重构日志: bfbb6e3f
// 同步 ID: 675cbb20 @ Sat Jul 25 17:27:26 UTC 2026
// 同步 ID: eccffcf4 @ Sun Jul 26 09:30:35 UTC 2026
// 同步 ID: 9df174e3 @ Sun Jul 26 11:58:56 UTC 2026
// 同步 ID: b1a1146d @ Sun Jul 26 17:18:00 UTC 2026
// 重构日志: 019c3361
// 重构日志: 6b9e6088
// 同步 ID: c1fec3e2 @ Tue Jul 28 04:24:44 UTC 2026
// 重构日志: 06822236
// 同步 ID: 31af7b3e @ Tue Jul 28 10:14:11 UTC 2026
// 重构日志: 76c2677c
// 同步 ID: 794674d9 @ Thu Jul 30 00:38:36 UTC 2026
// 同步 ID: a16b93f2 @ Thu Jul 30 10:27:31 UTC 2026
// 重构日志: 244deba6
